<?php return array (
  0 => 'Symfony\\Bundle\\FrameworkBundle\\Controller\\AbstractController',
  1 => 'App\\Controller\\Admin\\AdminController',
  2 => 'App\\Controller\\Admin\\AdviceCrudController',
  3 => 'App\\Controller\\Admin\\BotanistCrudController',
  4 => 'App\\Controller\\Admin\\MessageCrudController',
  5 => 'App\\Controller\\Admin\\PlantCrudController',
  6 => 'App\\Controller\\Admin\\PlantSittingCrudController',
  7 => 'App\\Controller\\Admin\\UserCrudController',
  8 => 'App\\Controller\\AdviceController',
  9 => 'App\\Controller\\BotanistController',
  10 => 'App\\Controller\\HomeController',
  11 => 'App\\Controller\\MessageController',
  12 => 'App\\Controller\\PlantController',
  13 => 'App\\Controller\\PlantSittingController',
  14 => 'App\\Controller\\RegistrationController',
  15 => 'App\\Controller\\SecurityController',
  16 => 'App\\Controller\\UserController',
  17 => 'App\\Entity\\Advice',
  18 => 'App\\Entity\\Botanist',
  19 => 'App\\Entity\\Message',
  20 => 'App\\Entity\\Plant',
  21 => 'App\\Entity\\PlantSitting',
  22 => 'App\\Entity\\User',
  23 => 'Doctrine\\Bundle\\DoctrineBundle\\Controller\\ProfilerController',
  24 => 'Doctrine\\ORM\\Cache\\Persister\\Entity\\AbstractEntityPersister',
  25 => 'Doctrine\\ORM\\Cache\\Persister\\Entity\\CachedEntityPersister',
  26 => 'Doctrine\\ORM\\Cache\\Persister\\Entity\\NonStrictReadWriteCachedEntityPersister',
  27 => 'Doctrine\\ORM\\Cache\\Persister\\Entity\\ReadOnlyCachedEntityPersister',
  28 => 'Doctrine\\ORM\\Cache\\Persister\\Entity\\ReadWriteCachedEntityPersister',
  29 => 'Doctrine\\ORM\\Persisters\\Entity\\AbstractEntityInheritancePersister',
  30 => 'Doctrine\\ORM\\Persisters\\Entity\\BasicEntityPersister',
  31 => 'Doctrine\\ORM\\Persisters\\Entity\\CachedPersisterContext',
  32 => 'Doctrine\\ORM\\Persisters\\Entity\\EntityPersister',
  33 => 'Doctrine\\ORM\\Persisters\\Entity\\JoinedSubclassPersister',
  34 => 'Doctrine\\ORM\\Persisters\\Entity\\SingleTablePersister',
  35 => 'EasyCorp\\Bundle\\EasyAdminBundle\\Contracts\\Controller\\CrudControllerInterface',
  36 => 'EasyCorp\\Bundle\\EasyAdminBundle\\Contracts\\Controller\\DashboardControllerInterface',
  37 => 'EasyCorp\\Bundle\\EasyAdminBundle\\Controller\\AbstractCrudController',
  38 => 'EasyCorp\\Bundle\\EasyAdminBundle\\Controller\\AbstractDashboardController',
  40 => 'Symfony\\Bundle\\FrameworkBundle\\Controller\\ControllerResolver',
  41 => 'Symfony\\Bundle\\FrameworkBundle\\Controller\\RedirectController',
  42 => 'Symfony\\Bundle\\FrameworkBundle\\Controller\\TemplateController',
  43 => 'Symfony\\Component\\HttpKernel\\Controller\\ArgumentResolver',
  44 => 'Symfony\\Component\\HttpKernel\\Controller\\ArgumentResolverInterface',
  45 => 'Symfony\\Component\\HttpKernel\\Controller\\ArgumentResolver\\DefaultValueResolver',
  46 => 'Symfony\\Component\\HttpKernel\\Controller\\ArgumentResolver\\NotTaggedControllerValueResolver',
  47 => 'Symfony\\Component\\HttpKernel\\Controller\\ArgumentResolver\\RequestAttributeValueResolver',
  48 => 'Symfony\\Component\\HttpKernel\\Controller\\ArgumentResolver\\RequestValueResolver',
  49 => 'Symfony\\Component\\HttpKernel\\Controller\\ArgumentResolver\\ServiceValueResolver',
  50 => 'Symfony\\Component\\HttpKernel\\Controller\\ArgumentResolver\\SessionValueResolver',
  51 => 'Symfony\\Component\\HttpKernel\\Controller\\ArgumentResolver\\TraceableValueResolver',
  52 => 'Symfony\\Component\\HttpKernel\\Controller\\ArgumentResolver\\VariadicValueResolver',
  53 => 'Symfony\\Component\\HttpKernel\\Controller\\ArgumentValueResolverInterface',
  54 => 'Symfony\\Component\\HttpKernel\\Controller\\ContainerControllerResolver',
  55 => 'Symfony\\Component\\HttpKernel\\Controller\\ControllerReference',
  56 => 'Symfony\\Component\\HttpKernel\\Controller\\ControllerResolver',
  57 => 'Symfony\\Component\\HttpKernel\\Controller\\ControllerResolverInterface',
  58 => 'Symfony\\Component\\HttpKernel\\Controller\\ErrorController',
  59 => 'Symfony\\Component\\HttpKernel\\Controller\\TraceableArgumentResolver',
  60 => 'Symfony\\Component\\HttpKernel\\Controller\\TraceableControllerResolver',
  61 => 'Symfony\\Component\\Security\\Http\\Controller\\UserValueResolver',
);